    Checking smallvec v1.15.2
    Checking once_cell v1.21.4
   Compiling proc-macro2-diagnostics v0.10.1
    Checking libc v0.2.189
    Checking serde_core v1.0.229
    Checking memchr v2.8.2
    Checking zerocopy v0.8.52
    Checking hashbrown v0.17.1
   Compiling libghostty-vt-sys v0.2.1
    Checking emath v0.36.1
    Checking uuid v1.26.0
    Checking num-traits v0.2.19
    Checking cursor-icon v1.2.0
    Checking regex-syntax v0.8.11
    Checking bytemuck v1.25.0
    Checking thiserror v2.0.18
    Checking kurbo v0.13.1
    Checking color v0.3.3
    Checking font-types v0.12.4
    Checking accesskit v0.24.1
    Checking ecolor v0.36.1
    Checking aho-corasick v1.1.4
    Checking errno v0.3.14
    Checking parking_lot_core v0.9.12
    Checking euclid v0.22.14
    Checking signal-hook-registry v1.4.8
    Checking read-fonts v0.41.0
    Checking parking_lot v0.12.5
    Checking peniko v0.6.1
    Checking signal-hook v0.4.4
   Compiling int-enum v1.2.0
    Checking guillotiere v0.7.0
    Checking vello_common v0.1.0
    Checking regex-automata v0.4.18
    Checking bitflags v2.13.0
    Checking serde v1.0.229
    Checking rustix v1.1.4
    Checking vte v0.15.0
    Checking vello_cpu v0.1.0
    Checking ahash v0.8.12
    Checking rustix-openpty v0.2.0
    Checking polling v3.11.0
    Checking alacritty_terminal v0.26.0 (/Users/jr/Desktop/projects/deppy-sijo-perf-model/third_party/alacritty_terminal-0.26.0)
    Checking harfrust v0.12.0
    Checking skrifa v0.44.0
    Checking epaint v0.36.1
    Checking egui v0.36.1
error: failed to run custom build command for `libghostty-vt-sys v0.2.1`

Caused by:
  process didn't exit successfully: `/Users/jr/Desktop/projects/deppy-sijo-perf-model/target/debug/build/libghostty-vt-sys-eacdee65725d7f33/build-script-build` (exit status: 101)
  --- stdout
  cargo:rerun-if-env-changed=LIBGHOSTTY_VT_SYS_OPTIMIZE
  cargo:rerun-if-env-changed=GHOSTTY_SOURCE_DIR
  cargo:rerun-if-env-changed=GHOSTTY_ZIG_SYSTEM_DIR
  cargo:rerun-if-env-changed=TARGET
  cargo:rerun-if-env-changed=HOST
  cargo:rerun-if-env-changed=DEBUG
  cargo:rerun-if-env-changed=OPT_LEVEL
  cargo:rerun-if-changed=crates/libghostty-vt-sys/build.rs

  --- stderr
  Fetching ghostty a887df42c56f6de86c0fe6da9c4eeca37931e083 ...
  Cloning into '/Users/jr/Desktop/projects/deppy-sijo-perf-model/target/debug/build/libghostty-vt-sys-fac84c92769c927b/out/ghostty-src'...
  Note: switching to 'a887df42c56f6de86c0fe6da9c4eeca37931e083'.

  You are in 'detached HEAD' state. You can look around, make experimental
  changes and commit them, and you can discard any commits you make in this
  state without impacting any branches by switching back to a branch.

  If you want to create a new branch to retain commits you create, you may
  do so (now or later) by using -c with the switch command. Example:

    git switch -c <new-branch-name>

  Or undo this operation with:

    git switch -

  Turn off this advice by setting config variable advice.detachedHead to false

  HEAD is now at a887df42c terminal: bound page map probe lengths without tombstones (#13294)

  thread 'main' (83401624) panicked at /Users/jr/.cargo/registry/src/index.crates.io-1949cf8c6b5b557f/libghostty-vt-sys-0.2.1/build.rs:365:33:
  failed to execute zig build: No such file or directory (os error 2)
  note: run with `RUST_BACKTRACE=1` environment variable to display a backtrace
