   Compiling libghostty-vt-sys v0.2.1
    Checking libghostty-vt v0.2.1
    Checking terminal v0.1.0 (/Users/jr/Desktop/projects/deppy-sijo-perf-model/crates/terminal)
error[E0425]: cannot find value `GhosttyTerminalScreen_GHOSTTY_TERMINAL_SCREEN_PRIMARY` in crate `libghostty_vt::ffi`
   --> crates/terminal/src/ghostty_backend.rs:342:47
    |
342 |             .map(|s| s != libghostty_vt::ffi::GhosttyTerminalScreen_GHOSTTY_TERMINAL_SCREEN_PRIMARY)
    |                                               ^^^^^^^^^^^^^^^^^^^^^^^^^^^^^^^^^^^^^^^^^^^^^^^^^^^^^ not found in `libghostty_vt::ffi`

error[E0308]: mismatched types
    --> crates/terminal/src/ghostty_backend.rs:102:25
     |
 100 |                     primary: PrimaryDeviceAttributes::new(
     |                              ---------------------------- arguments to this function are incorrect
 101 |                         ConformanceLevel::VT220,
 102 |                         [DeviceAttributeFeature::ANSI_COLOR],
     |                         ^^^^^^^^^^^^^^^^^^^^^^^^^^^^^^^^^^^^ expected `&[DeviceAttributeFeature]`, found `[DeviceAttributeFeature; 1]`
     |
     = note: expected reference `&[DeviceAttributeFeature]`
                    found array `[DeviceAttributeFeature; 1]`
note: associated function defined here
    --> /Users/jr/.cargo/registry/src/index.crates.io-1949cf8c6b5b557f/libghostty-vt-0.2.1/src/terminal.rs:1015:18
     |
1015 |     pub const fn new(
     |                  ^^^
help: consider borrowing here
     |
 102 |                         &[DeviceAttributeFeature::ANSI_COLOR],
     |                         +

Some errors have detailed explanations: E0308, E0425.
For more information about an error, try `rustc --explain E0308`.
error: could not compile `terminal` (lib) due to 2 previous errors
