   Compiling deppy-sijo v0.2.0 (/Users/jr/Desktop/projects/deppy-sijo-performance/crates/app)
    Finished `test` profile [unoptimized + debuginfo] target(s) in 11.95s
     Running unittests src/main.rs (target/debug/deps/deppy_sijo-82f53068b66d3c97)

running 1 test
address elapsed=3.367s
probe elapsed=0.082s ready=false
probe elapsed=0.002s ready=false
probe elapsed=0.002s ready=false
probe elapsed=0.002s ready=false
probe elapsed=0.002s ready=false
probe elapsed=0.002s ready=false
probe elapsed=0.001s ready=false
probe elapsed=0.002s ready=false
probe elapsed=0.001s ready=false
probe elapsed=0.001s ready=false
probe elapsed=0.002s ready=false
probe elapsed=0.002s ready=false
probe elapsed=0.001s ready=false
probe elapsed=0.002s ready=false
probe elapsed=0.002s ready=false
probe elapsed=0.001s ready=false
probe elapsed=0.002s ready=false
probe elapsed=0.001s ready=false
probe elapsed=0.001s ready=false
probe elapsed=0.002s ready=false
probe elapsed=0.001s ready=false
probe elapsed=0.001s ready=false
probe elapsed=0.001s ready=false
probe elapsed=0.001s ready=false
probe elapsed=0.002s ready=false
probe elapsed=0.002s ready=false
probe elapsed=0.001s ready=false
probe elapsed=0.002s ready=false
probe elapsed=0.001s ready=false
probe elapsed=0.002s ready=false
probe elapsed=0.001s ready=false
probe elapsed=0.002s ready=false
probe elapsed=0.002s ready=false
probe elapsed=0.002s ready=false
probe elapsed=0.001s ready=false
probe elapsed=0.001s ready=false
probe elapsed=0.001s ready=false
probe elapsed=0.002s ready=false
probe elapsed=0.001s ready=false
probe elapsed=0.001s ready=false
probe elapsed=0.002s ready=false
probe elapsed=0.002s ready=false
probe elapsed=0.001s ready=false
probe elapsed=0.002s ready=false
probe elapsed=0.001s ready=false
probe elapsed=0.001s ready=false
probe elapsed=0.002s ready=false
probe elapsed=0.001s ready=false
probe elapsed=0.002s ready=false
probe elapsed=0.001s ready=false
probe elapsed=0.002s ready=false
probe elapsed=0.001s ready=false
probe elapsed=0.001s ready=false
probe elapsed=0.002s ready=false
probe elapsed=0.002s ready=false
test cloud_agent::tunnel::tests::measure_live_automatic_connection_startup has been running for over 60 seconds
probe elapsed=0.001s ready=false
probe elapsed=0.001s ready=false
probe elapsed=0.001s ready=false
probe elapsed=0.001s ready=false
probe elapsed=0.002s ready=false
probe elapsed=0.002s ready=false
probe elapsed=0.002s ready=false
probe elapsed=0.002s ready=false
probe elapsed=0.002s ready=false
probe elapsed=0.002s ready=false
probe elapsed=0.002s ready=false
probe elapsed=0.002s ready=false
probe elapsed=0.001s ready=false
probe elapsed=0.001s ready=false
probe elapsed=0.001s ready=false
probe elapsed=0.001s ready=false
probe elapsed=0.001s ready=false
probe elapsed=0.001s ready=false
probe elapsed=0.002s ready=false
probe elapsed=0.918s ready=true
ready elapsed=80.267s
test cloud_agent::tunnel::tests::measure_live_automatic_connection_startup ... ok

test result: ok. 1 passed; 0 failed; 0 ignored; 0 measured; 2381 filtered out; finished in 80.52s
