    Blocking waiting for file lock on package cache
    Blocking waiting for file lock on package cache
    Blocking waiting for file lock on package cache
   Compiling deppy-sijo v0.2.1 (/Users/jr/Desktop/projects/deppy-sijo-performance/crates/app)
    Finished `test` profile [unoptimized + debuginfo] target(s) in 8.03s
     Running unittests src/main.rs (target/debug/deps/deppy_sijo-8da0216105b7ce9c)

running 1 test
address elapsed=3.811s host=appeared-drag-jackets-commission.trycloudflare.com
first registration at 4.133s
probe elapsed=0.077s ready=false
probe elapsed=0.018s ready=false
probe elapsed=0.017s ready=false
probe elapsed=0.017s ready=false
probe elapsed=0.020s ready=false
probe elapsed=0.017s ready=false
probe elapsed=0.028s ready=false
probe elapsed=0.017s ready=false
probe elapsed=0.038s ready=false
probe elapsed=0.978s ready=true
ready elapsed=15.467s
test cloud_agent::tunnel::tests::measure_live_automatic_connection_startup ... ok

test result: ok. 1 passed; 0 failed; 0 ignored; 0 measured; 2389 filtered out; finished in 15.74s
