    Finished `test` profile [unoptimized + debuginfo] target(s) in 0.17s
     Running unittests src/main.rs (target/debug/deps/deppy_sijo-9d6b3d349e936c26)

running 1 test
address elapsed=3.223s host=phrase-boxed-gospel-potato.trycloudflare.com
first registration at 3.594s
probe elapsed=0.061s ready=false
probe elapsed=0.017s ready=false
probe elapsed=0.020s ready=false
probe elapsed=0.017s ready=false
probe elapsed=0.019s ready=false
probe elapsed=0.019s ready=false
probe elapsed=0.017s ready=false
probe elapsed=0.017s ready=false
probe elapsed=0.021s ready=false
probe elapsed=0.021s ready=false
probe elapsed=0.020s ready=false
probe elapsed=0.035s ready=false
probe elapsed=0.050s ready=false
probe elapsed=0.042s ready=false
probe elapsed=0.047s ready=false
probe elapsed=0.046s ready=false
probe elapsed=1.110s ready=true
ready elapsed=21.232s
test cloud_agent::tunnel::tests::measure_live_automatic_connection_startup ... ok

test result: ok. 1 passed; 0 failed; 0 ignored; 0 measured; 2393 filtered out; finished in 21.24s
