    Blocking waiting for file lock on build directory
    Finished `test` profile [unoptimized + debuginfo] target(s) in 2.42s
     Running unittests src/main.rs (target/debug/deps/deppy_sijo-9d6b3d349e936c26)

running 1 test
address elapsed=2.957s host=pool-needed-cookies-repairs.trycloudflare.com
first registration at 3.330s
probe elapsed=0.064s ready=false
probe elapsed=0.018s ready=false
probe elapsed=0.019s ready=false
probe elapsed=0.020s ready=false
probe elapsed=0.018s ready=false
probe elapsed=0.020s ready=false
probe elapsed=0.019s ready=false
probe elapsed=0.020s ready=false
probe elapsed=0.019s ready=false
probe elapsed=0.021s ready=false
probe elapsed=0.021s ready=false
probe elapsed=0.024s ready=false
probe elapsed=0.017s ready=false
probe elapsed=0.022s ready=false
probe elapsed=0.018s ready=false
probe elapsed=0.017s ready=false
probe elapsed=0.021s ready=false
probe elapsed=0.017s ready=false
probe elapsed=0.050s ready=false
probe elapsed=0.043s ready=false
probe elapsed=0.045s ready=false
probe elapsed=0.041s ready=false
probe elapsed=0.047s ready=false
probe elapsed=0.041s ready=false
probe elapsed=0.048s ready=false
probe elapsed=0.043s ready=false
probe elapsed=0.046s ready=false
probe elapsed=0.047s ready=false
probe elapsed=0.043s ready=false
probe elapsed=0.046s ready=false
probe elapsed=0.048s ready=false
probe elapsed=0.045s ready=false
probe elapsed=0.051s ready=false
probe elapsed=0.042s ready=false
probe elapsed=0.045s ready=false
probe elapsed=0.044s ready=false
probe elapsed=0.046s ready=false
probe elapsed=0.050s ready=false
probe elapsed=0.041s ready=false
probe elapsed=0.047s ready=false
probe elapsed=0.044s ready=false
probe elapsed=0.046s ready=false
probe elapsed=0.046s ready=false
probe elapsed=0.042s ready=false
probe elapsed=0.047s ready=false
probe elapsed=0.046s ready=false
probe elapsed=0.043s ready=false
probe elapsed=0.048s ready=false
probe elapsed=0.041s ready=false
probe elapsed=0.051s ready=false
probe elapsed=0.045s ready=false
probe elapsed=0.042s ready=false
probe elapsed=0.047s ready=false
probe elapsed=0.041s ready=false
probe elapsed=0.044s ready=false
test cloud_agent::tunnel::tests::measure_live_automatic_connection_startup has been running for over 60 seconds
probe elapsed=0.048s ready=false
probe elapsed=0.045s ready=false
probe elapsed=0.048s ready=false
probe elapsed=0.943s ready=true
ready elapsed=64.683s
test cloud_agent::tunnel::tests::measure_live_automatic_connection_startup ... ok

test result: ok. 1 passed; 0 failed; 0 ignored; 0 measured; 2393 filtered out; finished in 64.70s
